MACRO ASSEMBLER MAIN                                       05/22/19 18:53:35 PAGE     1


DOS MACRO ASSEMBLER MA51 V06.20.17.263
OBJECT MODULE PLACED IN F:\PROJETOS\FEI\TERMOSTATO\TERMOSTATO_8051\SOURCECODE\MAIN.OBJ
ASSEMBLER INVOKED BY: QUIET GENERATEDEPFILE EP SYNTAX(ASM51) PR XR PL(60) PW(80) DB OJ(F:\PROJETOS\FEI\TERMOSTATO\TERMOSTATO_8051\SOURCECODE\MAIN.OBJ) PIN(C:\RAISONANCE\RIDE\INC;C:\RAISONANCE\RIDE\INC\51) 

LOC     OBJ           LINE    SOURCE
                         1     $INCLUDE(REG51.INC)
                        80     $INCLUDE(HARDWARE.INC)
                       135     ;;;;;;;;;;;;;;;;;;;;;;;;;;;;;;;;;;;;;;;;
                       136     ;;;;ENDEREÇOS DE MEMÓRIA UTILIZADOS;;;;;
                       137     ;;;;;;;;;;;;;;;;;;;;;;;;;;;;;;;;;;;;;;;;
                       138     
                       139     ;;;;;;;;;;;;;;;;BYTES;;;;;;;;;;;;;;;;;;;;
  0031                 140     PERIOD_LOC      EQU         0X31
                       141     ;;;;;;;;;;;;;;;;;;;;;;;;;;;;;;;;;;;;;;;;;
                       142     
                       143     ;;;;;;;BTSFLAGS (AUXILIARES);;;;;;;;;;;;
  0007                 144     LOW_PWM         EQU         0X07
  0006                 145     HIGH_PWM        EQU         0X06
                       146     ;;;;;;;;;;;;;;;;;;;;;;;;;;;;;;;;;;;;;;;;
                       147     
                       148     
                       149     ;;;;;;;;;;;;;;;;;;;;;;;;;;;;;;;;;;;;;;;
                       150     ;;;;;;;VALORES CONSTANTES;;;;;;;;;;;;;;
                       151     ;;;;;;;;;;;;;;;;;;;;;;;;;;;;;;;;;;;;;;;
  000C                 152     LOW_DUTY        EQU         00CH       ;; - > Duty Temperatura Baixa = 50% do Periodo
  0019                 153     HIGH_DUTY       EQU         019H       ;; -> Duty Temperatura Alta = 100% do Periodo
  0019                 154     PERIOD          EQU         019H       ;; - > Periodo do PWM = 0,25s = 0,25/10m = 19
                       155     ;;;;;;;;;;;;;;;;;;;;;;;;;;;;;;;;;;;;;;;;
                       156     
                       157     ;;;;;;;;;;;;;;;;;;;;;;;;;;;;;;;;;;;;;;;;
                       158     ;;;;;;;RESETA TIMER PARA 10 MS;;;;;;;;;;
                       159     ;;;;;;;;;;;;;;;;;;;;;;;;;;;;;;;;;;;;;;;;
                       160     MACRO RESETTIMER
                       161         MOV TH1, #0D8H
                       162         MOV TL1, #0EFH
                       163     ENDM
                       164     ;;;;;;;;;;;;;;;;;;;;;;;;;;;;;;;;;;;;;;;;
                       165     
                       166     
                       167     CODE AT 0
0000    020180         168         LJMP START
------                 169     CODE
                       170     
                       171     CODE AT 001BH
001B    020100         172         LJMP DRV_TIMER 
------                 173     CODE
                       174     
                       175     CODE AT 0100H
                       176     
                       177     DRV_TIMER:  
                       178         
0100    20070A         179     JB 7 , _LOW 
0103    200612         180     JB 6 , _HIGH 
                       181     
                       182         RESETTIMER
MACRO ASSEMBLER MAIN                             05/22/19  18:53:35 PAGE     2
                     
0106    758DD8         182+1   MOV TH1 , # 0D8H 
0109    758BEF         182+1   MOV TL1 , # 0EFH 
010C    32             183         RETI
                       184     
                       185         
                       186         _LOW:  ;; Temperatura Baixa - 50% Duty
010D    0531           187     INC 49 
010F    E531           188     MOV A , 49 
0111    940C           189     SUBB A , # 12 
0113    400E           190         JC SET_PWM_ON
0115    020136         191         JMP SET_PWM_OFF   
                       192         
                       193         _HIGH:  ;; Temperatura Alta - 100% Duty
0118    0531           194     INC 49 
011A    E531           195     MOV A , 49 
011C    9419           196     SUBB A , # 25 
011E    4003           197         JC SET_PWM_ON
0120    020136         198         JMP SET_PWM_OFF   
                       199         
                       200         
                       201         SET_PWM_ON: 
                       202             LIGA_VENTILADOR
0123    C2A0           202+1   CLR P2.0 
                       203     LIGA_LED 167 
0125    C2A7           203+1   CLR 167 
0127    E531           204     MOV A , 49 
0129    B4191D         205     CJNE A , # 25 , FIM_ISR 
012C    753100         206     MOV 49 , # 00H 
                       207             RESETTIMER
012F    758DD8         207+1   MOV TH1 , # 0D8H 
0132    758BEF         207+1   MOV TL1 , # 0EFH 
0135    32             208         RETI
                       209         
                       210         SET_PWM_OFF: 
                       211             DESLIGA_VENTILADOR
0136    D2A0           211+1   SETB P2.0 
                       212     DESLIGA_LED 167 
0138    D2A7           212+1   SETB 167 
013A    E531           213     MOV A , 49 
013C    B4190A         214     CJNE A , # 25 , FIM_ISR 
013F    753100         215     MOV 49 , # 00H 
                       216             RESETTIMER
0142    758DD8         216+1   MOV TH1 , # 0D8H 
0145    758BEF         216+1   MOV TL1 , # 0EFH 
0148    32             217         RETI
                       218         
                       219         FIM_ISR: 
                       220         RESETTIMER
0149    758DD8         220+1   MOV TH1 , # 0D8H 
014C    758BEF         220+1   MOV TL1 , # 0EFH 
014F    32             221         RETI
                       222     
                       223     ;;;;;;;;;;;;;;;;;;;;;;;;;;;;;;;;;;;;;;;;;;;;;;;;;;
                       224     ;;;;;;VERIFICA ESTADO DOS COMPARADORES;;;;;;;;;;
                       225     ;;;;;;;;;;;;;;;;;;;;;;;;;;;;;;;;;;;;;;;;;;;;;;;;
                       226        
                       227     
MACRO ASSEMBLER MAIN                             05/22/19  18:53:35 PAGE     3
                     
                       228     TASKS_SENSOR: 
                       229     
0150    30B711         230     JNB 183 , SET_HIGH_PWM 
0153    30B609         231     JNB 182 , SET_LOW_PWM 
                       232         
0156    C206           233     CLR 6 
0158    C207           234     CLR 7 
                       235         DESLIGA_VENTILADOR
015A    D2A0           235+1   SETB P2.0 
                       236         DESLIGA_BUZZER
015C    D290           236+1   SETB 144 
015E    22             237         RET
                       238             
                       239         SET_LOW_PWM: 
015F    D207           240     SETB 7 
0161    C206           241     CLR 6 
0163    22             242         RET
                       243         
                       244         
                       245         SET_HIGH_PWM: 
0164    D206           246     SETB 6 
0166    C207           247     CLR 7 
0168    22             248         RET
                       249        
                       250     
                       251     INIT_HARD: 
0169    D2B6           252     SETB 182 
016B    D2B7           253     SETB 183 
016D    758910         254         MOV TMOD, #00010000B ; Timer 16 bits
0170    75A888         255         MOV IE, #10001000B
0173    758840         256         MOV TCON, #01000000B 
0176    753100         257     MOV 49 , # 00H 
                       258         RESETTIMER    
0179    758DD8         258+1   MOV TH1 , # 0D8H 
017C    758BEF         258+1   MOV TL1 , # 0EFH 
017F    22             259     RET
                       260     
                       261     
                       262     START: 
0180    120169         263         LCALL INIT_HARD
                       264         LOOP: 
0183    120150         265         LCALL TASKS_SENSOR
0186    020183         266         LJMP LOOP
                       267     END
MACRO ASSEMBLER MAIN                                       05/22/19 18:53:35 PAGE     0


SYMBOL TABLE LISTING
------ ----- -------


N A M E             T Y P E  V A L U E   ATTRIBUTES             REFERENCES

PERIOD_LOC . . . .  N NUMB   0031h                              140# 187 188 194 
                                                                195 204 206 213 215 
                                                                257 
COMP_LOW . . . . .  B ADDR   00B0H.6 A                          125# 231 252 
DPL. . . . . . . .  D ADDR   0082H   A                          16# 
P0 . . . . . . . .  D ADDR   0080H   A                          8# 
P1 . . . . . . . .  D ADDR   0090H   A                          9# 95 
B. . . . . . . . .  D ADDR   00F0H   A                          14# 
P2 . . . . . . . .  D ADDR   00A0H   A                          10# 106 107 108 109 
                                                                110 111 112 202 211 
                                                                235 
PERIOD . . . . . .  N NUMB   0019h                              154# 205 214 
PS . . . . . . . .  B ADDR   00B8H.4 A                          57# 
SP . . . . . . . .  D ADDR   0081H   A                          15# 
P3 . . . . . . . .  D ADDR   00B0H   A                          11# 125 126 
T0 . . . . . . . .  B ADDR   00B0H.4 A                          66# 
AC . . . . . . . .  B ADDR   00D0H.6 A                          34# 
?PR?MAIN . . . . .  C SEG    0000H      REL=UNIT                169# 173 
HIGH_DUTY. . . . .  N NUMB   0019h                              153# 196 
LOW_PWM. . . . . .  N NUMB   0007h                              144# 179 234 240 
                                                                247 
REN. . . . . . . .  B ADDR   0098H.4 A                          75# 
T1 . . . . . . . .  B ADDR   00B0H.5 A                          65# 
OV . . . . . . . .  B ADDR   00D0H.2 A                          38# 
LED1 . . . . . . .  B ADDR   00A0H.1 A                          106# 
EA . . . . . . . .  B ADDR   00A8H.7 A                          50# 
LED2 . . . . . . .  B ADDR   00A0H.2 A                          107# 
ACC. . . . . . . .  D ADDR   00E0H   A                          13# 
LED3 . . . . . . .  B ADDR   00A0H.3 A                          108# 
FIM_ISR. . . . . .  C ADDR   0149H   A                          205 214 219# 
LED4 . . . . . . .  B ADDR   00A0H.4 A                          109# 
WR . . . . . . . .  B ADDR   00B0H.6 A                          64# 
ET0. . . . . . . .  B ADDR   00A8H.1 A                          54# 
LED5 . . . . . . .  B ADDR   00A0H.5 A                          110# 
ET1. . . . . . . .  B ADDR   00A8H.3 A                          52# 
TF0. . . . . . . .  B ADDR   0088H.5 A                          43# 
LED6 . . . . . . .  B ADDR   00A0H.6 A                          111# 
TF1. . . . . . . .  B ADDR   0088H.7 A                          41# 
DRV_TIMER. . . . .  C ADDR   0100H   A                          172 177# 
LED7 . . . . . . .  B ADDR   00A0H.7 A                          112# 203 212 
RB8. . . . . . . .  B ADDR   0098H.2 A                          77# 
TH0. . . . . . . .  D ADDR   008CH   A                          23# 
DESLIGA_LED. . . .  ? ADDR   0000H   A                          118# 212 
EX0. . . . . . . .  B ADDR   00A8H.0 A                          55# 
IT0. . . . . . . .  B ADDR   0088H.0 A                          48# 
TH1. . . . . . . .  D ADDR   008DH   A                          24# 182 207 216 220 
                                                                258 
START. . . . . . .  C ADDR   0180H   A                          168 262# 
COMP_HIGH. . . . .  B ADDR   00B0H.7 A                          126# 230 253 
TB8. . . . . . . .  B ADDR   0098H.3 A                          76# 
RXD. . . . . . . .  B ADDR   00B0H.0 A                          70# 
EX1. . . . . . . .  B ADDR   00A8H.2 A                          53# 
IT1. . . . . . . .  B ADDR   0088H.2 A                          46# 
IE . . . . . . . .  D ADDR   00A8H   A                          25# 255 
SET_LOW_PWM. . . .  C ADDR   015FH   A                          231 239# 
SM0. . . . . . . .  B ADDR   0098H.7 A                          72# 
TXD. . . . . . . .  B ADDR   00B0H.1 A                          69# 
P. . . . . . . . .  B ADDR   00D0H.0 A                          39# 
SBUF . . . . . . .  D ADDR   0099H   A                          28# 
TL0. . . . . . . .  D ADDR   008AH   A                          21# 
PCON . . . . . . .  D ADDR   0087H   A                          18# 
_LOW . . . . . . .  C ADDR   010DH   A                          179 186# 
LIGA_LED . . . . .  ? ADDR   0000H   A                          114# 203 
SM1. . . . . . . .  B ADDR   0098H.6 A                          73# 
TL1. . . . . . . .  D ADDR   008BH   A                          22# 182 207 216 220 
                                                                258 
MACRO ASSEMBLER MAIN                                       05/22/19 18:53:35 PAGE     1


DOS MACRO ASSEMBLER MA51 V06.20.17.263
OBJECT MODULE PLACED IN F:\PROJETOS\FEI\TERMOSTATO\TERMOSTATO_8051\SOURCECODE\MAIN.OBJ
ASSEMBLER INVOKED BY: QUIET GENERATEDEPFILE EP SYNTAX(ASM51) PR XR PL(60) PW(80) DB OJ(F:\PROJETOS\FEI\TERMOSTATO\TERMOSTATO_8051\SOURCECODE\MAIN.OBJ) PIN(C:\RAISONANCE\RIDE\INC;C:\RAISONANCE\RIDE\INC\51) 

LOC     OBJ           LINE    SOURCE
INIT_HARD. . . . .  C ADDR   0169H   A                          251# 263 
SM2. . . . . . . .  B ADDR   0098H.5 A                          74# 
HIGH_PWM . . . . .  N NUMB   0006h                              145# 180 233 241 
                                                                246 
SCON . . . . . . .  D ADDR   0098H   A                          27# 
PT0. . . . . . . .  B ADDR   00B8H.1 A                          60# 
TMOD . . . . . . .  D ADDR   0089H   A                          20# 254 
TCON . . . . . . .  D ADDR   0088H   A                          19# 256 
PT1. . . . . . . .  B ADDR   00B8H.3 A                          58# 
RS0. . . . . . . .  B ADDR   00D0H.3 A                          37# 
RD . . . . . . . .  B ADDR   00B0H.7 A                          63# 
TR0. . . . . . . .  B ADDR   0088H.4 A                          44# 
RS1. . . . . . . .  B ADDR   00D0H.4 A                          36# 
F0 . . . . . . . .  B ADDR   00D0H.5 A                          35# 
LOW_DUTY . . . . .  N NUMB   000Ch                              152# 189 
PINO_BUZZER. . . .  B ADDR   0090H.0 A                          95# 236 
TR1. . . . . . . .  B ADDR   0088H.6 A                          42# 
PX0. . . . . . . .  B ADDR   00B8H.0 A                          61# 
ES . . . . . . . .  B ADDR   00A8H.4 A                          51# 
SET_PWM_OFF. . . .  C ADDR   0136H   A                          191 198 210# 
PX1. . . . . . . .  B ADDR   00B8H.2 A                          59# 
IP . . . . . . . .  D ADDR   00B8H   A                          26# 
LOOP . . . . . . .  C ADDR   0183H   A                          264# 266 
PSW. . . . . . . .  D ADDR   00D0H   A                          12# 
SET_PWM_ON . . . .  C ADDR   0123H   A                          190 197 201# 
RI . . . . . . . .  B ADDR   0098H.0 A                          79# 
INT0 . . . . . . .  B ADDR   00B0H.2 A                          68# 
INT1 . . . . . . .  B ADDR   00B0H.3 A                          67# 
CY . . . . . . . .  B ADDR   00D0H.7 A                          33# 
DPH. . . . . . . .  D ADDR   0083H   A                          17# 
TI . . . . . . . .  B ADDR   0098H.1 A                          78# 
SET_HIGH_PWM . . .  C ADDR   0164H   A                          230 245# 
IE0. . . . . . . .  B ADDR   0088H.1 A                          47# 
TASKS_SENSOR . . .  C ADDR   0150H   A                          228# 265 
_HIGH. . . . . . .  C ADDR   0118H   A                          180 193# 
IE1. . . . . . . .  B ADDR   0088H.3 A                          45# 
MAIN . . . . . . .  N NUMB   -----



MODULE INFORMATION:   STATIC OVERLAYABLE
   CODE SIZE        =    143    ----
   XDATA SIZE       =   ----    ----
   DATA SIZE        =   ----    ----
   IDATA SIZE       =   ----    ----
   BIT SIZE         =   ----    ----
END OF MODULE INFORMATION.


REGISTER BANK(S) USED : 0 

ASSEMBLY COMPLETE.   0 WARNING(S)   0 ERROR(S)
